---
version: 1
extract:
  sanitizeAttributeName: "ON_EXTRACT"
  connectionRef: databaseConn
  jdbcSchemas:
    - schema: "db_schema"
      tableTypes:
        - "TABLE"